Only in .: adaptive_solver.m
Only in .: diff.log
Only in ../../work2016/solvers/: ec_classical.m
Only in ../../work2016/solvers/: ec_h211b_hmicro.m
diff -r ./ec_h211b.m ../../work2016/solvers/ec_h211b.m
31a32,34
>     
>     
>     
Only in .: fixed_solver.m
Only in ./.git: COMMIT_EDITMSG
diff -r ./.git/config ../../work2016/solvers/.git/config
7c7
< 	url = https://github.com/ebrocke/multirate_algorithms.git
---
> 	url = https://github.com/ebrocke/multirate_algorithms
diff -r ./.git/FETCH_HEAD ../../work2016/solvers/.git/FETCH_HEAD
0a1
> d519e20384a2969a2afa0a48232925b7d420fefe		branch 'master' of https://github.com/ebrocke/multirate_algorithms
diff -r ./.git/hooks/pre-commit.sample ../../work2016/solvers/.git/hooks/pre-commit.sample
18,19c18,19
< # If you want to allow non-ascii filenames set this variable to true.
< allownonascii=$(git config hooks.allownonascii)
---
> # If you want to allow non-ASCII filenames set this variable to true.
> allownonascii=$(git config --bool hooks.allownonascii)
24c24
< # Cross platform projects tend to avoid non-ascii filenames; prevent
---
> # Cross platform projects tend to avoid non-ASCII filenames; prevent
34,45c34,44
< 	echo "Error: Attempt to add a non-ascii file name."
< 	echo
< 	echo "This can cause problems if you want to work"
< 	echo "with people on other platforms."
< 	echo
< 	echo "To be portable it is advisable to rename the file ..."
< 	echo
< 	echo "If you know what you are doing you can disable this"
< 	echo "check using:"
< 	echo
< 	echo "  git config hooks.allownonascii true"
< 	echo
---
> 	cat <<\EOF
> Error: Attempt to add a non-ASCII file name.
> 
> This can cause problems if you want to work with people on other platforms.
> 
> To be portable it is advisable to rename the file.
> 
> If you know what you are doing you can disable this check using:
> 
>   git config hooks.allownonascii true
> EOF
Only in ../../work2016/solvers/.git/hooks: pre-push.sample
diff -r ./.git/hooks/update.sample ../../work2016/solvers/.git/hooks/update.sample
41c41
< 	echo "Usage: $0 <ref> <oldrev> <newrev>" >&2
---
> 	echo "usage: $0 <ref> <oldrev> <newrev>" >&2
Binary files ./.git/index and ../../work2016/solvers/.git/index differ
diff -r ./.git/logs/HEAD ../../work2016/solvers/.git/logs/HEAD
1,26c1,16
< 0000000000000000000000000000000000000000 0289cf95e3a743a73167467a214dff81fcf75568 remedius <brocke@kth.se> 1455207847 +0100	commit (initial): first commit
< 0289cf95e3a743a73167467a214dff81fcf75568 0b5b1bc1440ca589bb6c4d86391aefea228f58c6 remedius <brocke@kth.se> 1455287498 +0100	commit: * stable version
< 0b5b1bc1440ca589bb6c4d86391aefea228f58c6 09807d713ab3fd722fefc2ca70499f2f28d6964f remedius <brocke@kth.se> 1455287725 +0100	commit: stable version
< 09807d713ab3fd722fefc2ca70499f2f28d6964f f7985eb43c6a407e2da8e0bb9fcb63abca670a99 remedius <brocke@kth.se> 1455301106 +0100	commit: fixed_step interval solver added
< f7985eb43c6a407e2da8e0bb9fcb63abca670a99 2ccbb46dd27fda818d8dc103593ac278125bfeb7 remedius <brocke@kth.se> 1455309526 +0100	commit: fixed the bug in the solve_fixed_step
< 2ccbb46dd27fda818d8dc103593ac278125bfeb7 e5047b356acdfe4c01218e85d70a3ac33e6a7641 remedius <brocke@kth.se> 1455396846 +0100	commit: stable version
< e5047b356acdfe4c01218e85d70a3ac33e6a7641 4c108a10d64c4f5df38ccc075842815dadbe2a22 remedius <brocke@kth.se> 1455396856 +0100	commit: stable version
< 4c108a10d64c4f5df38ccc075842815dadbe2a22 5b9c839ed7ba65e764a4e72eaf5a54f366cbee82 remedius <brocke@kth.se> 1455432426 +0100	commit: stable version
< 5b9c839ed7ba65e764a4e72eaf5a54f366cbee82 6224db4262274a31462c7914bcd64a3dcaa3886d remedius <brocke@kth.se> 1456138663 +0100	commit: stable version
< 6224db4262274a31462c7914bcd64a3dcaa3886d 02fd0f3edaa5cdffba120af3607f85c49250aa76 remedius <brocke@kth.se> 1456236550 +0100	commit: unsynchronized stepping added. stable version (GS fast first)
< 02fd0f3edaa5cdffba120af3607f85c49250aa76 d915011e95b2f59f5986ef8f10d1ae4e79a7b26d remedius <brocke@kth.se> 1458382668 +0100	commit: stable version
< d915011e95b2f59f5986ef8f10d1ae4e79a7b26d 8cfb0e72c00156dce11e6f189fe1df91b455c1da remedius <brocke@kth.se> 1458455993 +0100	commit: Jacobi fixed
< 8cfb0e72c00156dce11e6f189fe1df91b455c1da 9f58966e94ba1d2249be7d2d5b652dfb57577554 remedius <brocke@kth.se> 1458460553 +0100	commit: Jacobi fixed
< 9f58966e94ba1d2249be7d2d5b652dfb57577554 232cd1efbb9fde43cc1b0aeb57900314462c18ee remedius <brocke@kth.se> 1459421333 +0200	commit: jac fixed
< 232cd1efbb9fde43cc1b0aeb57900314462c18ee e2da1be4b68ef9f65f89950a9f8239da5cc0a41b remedius <brocke@kth.se> 1459421750 +0200	commit: jac fixed
< e2da1be4b68ef9f65f89950a9f8239da5cc0a41b 101079f0a59458fe17d4f9a415cd9c535a6b8e06 remedius <brocke@kth.se> 1459591840 +0200	commit: GSHHFirst and GSERKFirst added
< 101079f0a59458fe17d4f9a415cd9c535a6b8e06 b9f92fc496e5b758eef5e244ea3ab6622aa04534 remedius <brocke@kth.se> 1459765564 +0200	commit: mode 1 fixed
< b9f92fc496e5b758eef5e244ea3ab6622aa04534 3bc6e56c64a804333560024cf76d48c67c442027 remedius <brocke@kth.se> 1459848304 +0200	commit: solve_sys restrcturing
< 3bc6e56c64a804333560024cf76d48c67c442027 9ff3dc628d68baf8dcdefba44f3ec089109de8d8 remedius <brocke@kth.se> 1459857318 +0200	commit: gs fixed
< 9ff3dc628d68baf8dcdefba44f3ec089109de8d8 45d276fcbab2f5c37f255bf10f8cb3ebce2b9fcd remedius <brocke@kth.se> 1459869295 +0200	commit: ec_cell ec_erk moved to erk_first,cell_first for multirate
< 45d276fcbab2f5c37f255bf10f8cb3ebce2b9fcd 52ca72d831cd908e4672673231b166dce2baa417 remedius <brocke@kth.se> 1459869516 +0200	commit: step_rejected = false
< 52ca72d831cd908e4672673231b166dce2baa417 439bcab7e6196588cca6c7df44c856331b686bdf remedius <brocke@kth.se> 1459869662 +0200	commit: get_exchanged_vector added parameter
< 439bcab7e6196588cca6c7df44c856331b686bdf bd080529f59e969c0fe0facf5878bbf83d888736 remedius <brocke@kth.se> 1460017909 +0200	commit: gs_slow_first_iter fixed
< bd080529f59e969c0fe0facf5878bbf83d888736 301efc58f9b7aa587f4f26ec1d71cc3286de68d3 remedius <brocke@kth.se> 1460021552 +0200	commit: code restructuring
< 301efc58f9b7aa587f4f26ec1d71cc3286de68d3 09711d3c2a6731b15adf44eda66e37a0ed6e6b94 remedius <brocke@kth.se> 1460055797 +0200	commit: slow first err extrap
< 09711d3c2a6731b15adf44eda66e37a0ed6e6b94 d519e20384a2969a2afa0a48232925b7d420fefe remedius <brocke@kth.se> 1460057977 +0200	commit: slow first t_ fixed
---
> 0000000000000000000000000000000000000000 02fd0f3edaa5cdffba120af3607f85c49250aa76 Ekaterina Brocke <remedius@kth.se> 1456237706 +0100	clone: from https://github.com/ebrocke/multirate_algorithms
> 02fd0f3edaa5cdffba120af3607f85c49250aa76 d915011e95b2f59f5986ef8f10d1ae4e79a7b26d Ekaterina Brocke <remedius@kth.se> 1458382861 +0100	pull: Fast-forward
> d915011e95b2f59f5986ef8f10d1ae4e79a7b26d 8cfb0e72c00156dce11e6f189fe1df91b455c1da Ekaterina Brocke <remedius@kth.se> 1458456034 +0100	pull: Fast-forward
> 8cfb0e72c00156dce11e6f189fe1df91b455c1da 9f58966e94ba1d2249be7d2d5b652dfb57577554 Ekaterina Brocke <remedius@kth.se> 1458460589 +0100	pull: Fast-forward
> 9f58966e94ba1d2249be7d2d5b652dfb57577554 e2da1be4b68ef9f65f89950a9f8239da5cc0a41b Ekaterina Brocke <remedius@kth.se> 1459421844 +0200	pull: Fast-forward
> e2da1be4b68ef9f65f89950a9f8239da5cc0a41b 101079f0a59458fe17d4f9a415cd9c535a6b8e06 Ekaterina Brocke <remedius@kth.se> 1459591973 +0200	pull: Fast-forward
> 101079f0a59458fe17d4f9a415cd9c535a6b8e06 b9f92fc496e5b758eef5e244ea3ab6622aa04534 Ekaterina Brocke <remedius@kth.se> 1459765621 +0200	pull: Fast-forward
> b9f92fc496e5b758eef5e244ea3ab6622aa04534 3bc6e56c64a804333560024cf76d48c67c442027 Ekaterina Brocke <remedius@kth.se> 1459848385 +0200	pull: Fast-forward
> 3bc6e56c64a804333560024cf76d48c67c442027 9ff3dc628d68baf8dcdefba44f3ec089109de8d8 Ekaterina Brocke <remedius@kth.se> 1459858055 +0200	pull: Fast-forward
> 9ff3dc628d68baf8dcdefba44f3ec089109de8d8 45d276fcbab2f5c37f255bf10f8cb3ebce2b9fcd Ekaterina Brocke <remedius@kth.se> 1459869355 +0200	pull: Fast-forward
> 45d276fcbab2f5c37f255bf10f8cb3ebce2b9fcd 52ca72d831cd908e4672673231b166dce2baa417 Ekaterina Brocke <remedius@kth.se> 1459869540 +0200	pull: Fast-forward
> 52ca72d831cd908e4672673231b166dce2baa417 439bcab7e6196588cca6c7df44c856331b686bdf Ekaterina Brocke <remedius@kth.se> 1459869690 +0200	pull: Fast-forward
> 439bcab7e6196588cca6c7df44c856331b686bdf bd080529f59e969c0fe0facf5878bbf83d888736 Ekaterina Brocke <remedius@kth.se> 1460017982 +0200	pull: Fast-forward
> bd080529f59e969c0fe0facf5878bbf83d888736 301efc58f9b7aa587f4f26ec1d71cc3286de68d3 Ekaterina Brocke <remedius@kth.se> 1460021597 +0200	pull: Fast-forward
> 301efc58f9b7aa587f4f26ec1d71cc3286de68d3 09711d3c2a6731b15adf44eda66e37a0ed6e6b94 Ekaterina Brocke <remedius@kth.se> 1460055889 +0200	pull: Fast-forward
> 09711d3c2a6731b15adf44eda66e37a0ed6e6b94 d519e20384a2969a2afa0a48232925b7d420fefe Ekaterina Brocke <remedius@kth.se> 1460058086 +0200	pull: Fast-forward
diff -r ./.git/logs/refs/heads/master ../../work2016/solvers/.git/logs/refs/heads/master
1,26c1,16
< 0000000000000000000000000000000000000000 0289cf95e3a743a73167467a214dff81fcf75568 remedius <brocke@kth.se> 1455207847 +0100	commit (initial): first commit
< 0289cf95e3a743a73167467a214dff81fcf75568 0b5b1bc1440ca589bb6c4d86391aefea228f58c6 remedius <brocke@kth.se> 1455287498 +0100	commit: * stable version
< 0b5b1bc1440ca589bb6c4d86391aefea228f58c6 09807d713ab3fd722fefc2ca70499f2f28d6964f remedius <brocke@kth.se> 1455287725 +0100	commit: stable version
< 09807d713ab3fd722fefc2ca70499f2f28d6964f f7985eb43c6a407e2da8e0bb9fcb63abca670a99 remedius <brocke@kth.se> 1455301106 +0100	commit: fixed_step interval solver added
< f7985eb43c6a407e2da8e0bb9fcb63abca670a99 2ccbb46dd27fda818d8dc103593ac278125bfeb7 remedius <brocke@kth.se> 1455309526 +0100	commit: fixed the bug in the solve_fixed_step
< 2ccbb46dd27fda818d8dc103593ac278125bfeb7 e5047b356acdfe4c01218e85d70a3ac33e6a7641 remedius <brocke@kth.se> 1455396846 +0100	commit: stable version
< e5047b356acdfe4c01218e85d70a3ac33e6a7641 4c108a10d64c4f5df38ccc075842815dadbe2a22 remedius <brocke@kth.se> 1455396856 +0100	commit: stable version
< 4c108a10d64c4f5df38ccc075842815dadbe2a22 5b9c839ed7ba65e764a4e72eaf5a54f366cbee82 remedius <brocke@kth.se> 1455432426 +0100	commit: stable version
< 5b9c839ed7ba65e764a4e72eaf5a54f366cbee82 6224db4262274a31462c7914bcd64a3dcaa3886d remedius <brocke@kth.se> 1456138663 +0100	commit: stable version
< 6224db4262274a31462c7914bcd64a3dcaa3886d 02fd0f3edaa5cdffba120af3607f85c49250aa76 remedius <brocke@kth.se> 1456236550 +0100	commit: unsynchronized stepping added. stable version (GS fast first)
< 02fd0f3edaa5cdffba120af3607f85c49250aa76 d915011e95b2f59f5986ef8f10d1ae4e79a7b26d remedius <brocke@kth.se> 1458382668 +0100	commit: stable version
< d915011e95b2f59f5986ef8f10d1ae4e79a7b26d 8cfb0e72c00156dce11e6f189fe1df91b455c1da remedius <brocke@kth.se> 1458455993 +0100	commit: Jacobi fixed
< 8cfb0e72c00156dce11e6f189fe1df91b455c1da 9f58966e94ba1d2249be7d2d5b652dfb57577554 remedius <brocke@kth.se> 1458460553 +0100	commit: Jacobi fixed
< 9f58966e94ba1d2249be7d2d5b652dfb57577554 232cd1efbb9fde43cc1b0aeb57900314462c18ee remedius <brocke@kth.se> 1459421333 +0200	commit: jac fixed
< 232cd1efbb9fde43cc1b0aeb57900314462c18ee e2da1be4b68ef9f65f89950a9f8239da5cc0a41b remedius <brocke@kth.se> 1459421750 +0200	commit: jac fixed
< e2da1be4b68ef9f65f89950a9f8239da5cc0a41b 101079f0a59458fe17d4f9a415cd9c535a6b8e06 remedius <brocke@kth.se> 1459591840 +0200	commit: GSHHFirst and GSERKFirst added
< 101079f0a59458fe17d4f9a415cd9c535a6b8e06 b9f92fc496e5b758eef5e244ea3ab6622aa04534 remedius <brocke@kth.se> 1459765564 +0200	commit: mode 1 fixed
< b9f92fc496e5b758eef5e244ea3ab6622aa04534 3bc6e56c64a804333560024cf76d48c67c442027 remedius <brocke@kth.se> 1459848304 +0200	commit: solve_sys restrcturing
< 3bc6e56c64a804333560024cf76d48c67c442027 9ff3dc628d68baf8dcdefba44f3ec089109de8d8 remedius <brocke@kth.se> 1459857318 +0200	commit: gs fixed
< 9ff3dc628d68baf8dcdefba44f3ec089109de8d8 45d276fcbab2f5c37f255bf10f8cb3ebce2b9fcd remedius <brocke@kth.se> 1459869295 +0200	commit: ec_cell ec_erk moved to erk_first,cell_first for multirate
< 45d276fcbab2f5c37f255bf10f8cb3ebce2b9fcd 52ca72d831cd908e4672673231b166dce2baa417 remedius <brocke@kth.se> 1459869516 +0200	commit: step_rejected = false
< 52ca72d831cd908e4672673231b166dce2baa417 439bcab7e6196588cca6c7df44c856331b686bdf remedius <brocke@kth.se> 1459869662 +0200	commit: get_exchanged_vector added parameter
< 439bcab7e6196588cca6c7df44c856331b686bdf bd080529f59e969c0fe0facf5878bbf83d888736 remedius <brocke@kth.se> 1460017909 +0200	commit: gs_slow_first_iter fixed
< bd080529f59e969c0fe0facf5878bbf83d888736 301efc58f9b7aa587f4f26ec1d71cc3286de68d3 remedius <brocke@kth.se> 1460021552 +0200	commit: code restructuring
< 301efc58f9b7aa587f4f26ec1d71cc3286de68d3 09711d3c2a6731b15adf44eda66e37a0ed6e6b94 remedius <brocke@kth.se> 1460055797 +0200	commit: slow first err extrap
< 09711d3c2a6731b15adf44eda66e37a0ed6e6b94 d519e20384a2969a2afa0a48232925b7d420fefe remedius <brocke@kth.se> 1460057977 +0200	commit: slow first t_ fixed
---
> 0000000000000000000000000000000000000000 02fd0f3edaa5cdffba120af3607f85c49250aa76 Ekaterina Brocke <remedius@kth.se> 1456237706 +0100	clone: from https://github.com/ebrocke/multirate_algorithms
> 02fd0f3edaa5cdffba120af3607f85c49250aa76 d915011e95b2f59f5986ef8f10d1ae4e79a7b26d Ekaterina Brocke <remedius@kth.se> 1458382861 +0100	pull: Fast-forward
> d915011e95b2f59f5986ef8f10d1ae4e79a7b26d 8cfb0e72c00156dce11e6f189fe1df91b455c1da Ekaterina Brocke <remedius@kth.se> 1458456034 +0100	pull: Fast-forward
> 8cfb0e72c00156dce11e6f189fe1df91b455c1da 9f58966e94ba1d2249be7d2d5b652dfb57577554 Ekaterina Brocke <remedius@kth.se> 1458460589 +0100	pull: Fast-forward
> 9f58966e94ba1d2249be7d2d5b652dfb57577554 e2da1be4b68ef9f65f89950a9f8239da5cc0a41b Ekaterina Brocke <remedius@kth.se> 1459421844 +0200	pull: Fast-forward
> e2da1be4b68ef9f65f89950a9f8239da5cc0a41b 101079f0a59458fe17d4f9a415cd9c535a6b8e06 Ekaterina Brocke <remedius@kth.se> 1459591973 +0200	pull: Fast-forward
> 101079f0a59458fe17d4f9a415cd9c535a6b8e06 b9f92fc496e5b758eef5e244ea3ab6622aa04534 Ekaterina Brocke <remedius@kth.se> 1459765621 +0200	pull: Fast-forward
> b9f92fc496e5b758eef5e244ea3ab6622aa04534 3bc6e56c64a804333560024cf76d48c67c442027 Ekaterina Brocke <remedius@kth.se> 1459848385 +0200	pull: Fast-forward
> 3bc6e56c64a804333560024cf76d48c67c442027 9ff3dc628d68baf8dcdefba44f3ec089109de8d8 Ekaterina Brocke <remedius@kth.se> 1459858055 +0200	pull: Fast-forward
> 9ff3dc628d68baf8dcdefba44f3ec089109de8d8 45d276fcbab2f5c37f255bf10f8cb3ebce2b9fcd Ekaterina Brocke <remedius@kth.se> 1459869355 +0200	pull: Fast-forward
> 45d276fcbab2f5c37f255bf10f8cb3ebce2b9fcd 52ca72d831cd908e4672673231b166dce2baa417 Ekaterina Brocke <remedius@kth.se> 1459869540 +0200	pull: Fast-forward
> 52ca72d831cd908e4672673231b166dce2baa417 439bcab7e6196588cca6c7df44c856331b686bdf Ekaterina Brocke <remedius@kth.se> 1459869690 +0200	pull: Fast-forward
> 439bcab7e6196588cca6c7df44c856331b686bdf bd080529f59e969c0fe0facf5878bbf83d888736 Ekaterina Brocke <remedius@kth.se> 1460017982 +0200	pull: Fast-forward
> bd080529f59e969c0fe0facf5878bbf83d888736 301efc58f9b7aa587f4f26ec1d71cc3286de68d3 Ekaterina Brocke <remedius@kth.se> 1460021597 +0200	pull: Fast-forward
> 301efc58f9b7aa587f4f26ec1d71cc3286de68d3 09711d3c2a6731b15adf44eda66e37a0ed6e6b94 Ekaterina Brocke <remedius@kth.se> 1460055889 +0200	pull: Fast-forward
> 09711d3c2a6731b15adf44eda66e37a0ed6e6b94 d519e20384a2969a2afa0a48232925b7d420fefe Ekaterina Brocke <remedius@kth.se> 1460058086 +0200	pull: Fast-forward
Only in ../../work2016/solvers/.git/logs/refs/remotes/origin: HEAD
diff -r ./.git/logs/refs/remotes/origin/master ../../work2016/solvers/.git/logs/refs/remotes/origin/master
1,24c1,15
< 0000000000000000000000000000000000000000 0289cf95e3a743a73167467a214dff81fcf75568 remedius <brocke@kth.se> 1455207967 +0100	update by push
< 0289cf95e3a743a73167467a214dff81fcf75568 09807d713ab3fd722fefc2ca70499f2f28d6964f remedius <brocke@kth.se> 1455287806 +0100	update by push
< 09807d713ab3fd722fefc2ca70499f2f28d6964f f7985eb43c6a407e2da8e0bb9fcb63abca670a99 remedius <brocke@kth.se> 1455301122 +0100	update by push
< f7985eb43c6a407e2da8e0bb9fcb63abca670a99 2ccbb46dd27fda818d8dc103593ac278125bfeb7 remedius <brocke@kth.se> 1455309569 +0100	update by push
< 2ccbb46dd27fda818d8dc103593ac278125bfeb7 4c108a10d64c4f5df38ccc075842815dadbe2a22 remedius <brocke@kth.se> 1455396875 +0100	update by push
< 4c108a10d64c4f5df38ccc075842815dadbe2a22 5b9c839ed7ba65e764a4e72eaf5a54f366cbee82 remedius <brocke@kth.se> 1455432439 +0100	update by push
< 5b9c839ed7ba65e764a4e72eaf5a54f366cbee82 6224db4262274a31462c7914bcd64a3dcaa3886d remedius <brocke@kth.se> 1456138676 +0100	update by push
< 6224db4262274a31462c7914bcd64a3dcaa3886d 02fd0f3edaa5cdffba120af3607f85c49250aa76 remedius <brocke@kth.se> 1456236562 +0100	update by push
< 02fd0f3edaa5cdffba120af3607f85c49250aa76 d915011e95b2f59f5986ef8f10d1ae4e79a7b26d remedius <brocke@kth.se> 1458382695 +0100	update by push
< d915011e95b2f59f5986ef8f10d1ae4e79a7b26d 8cfb0e72c00156dce11e6f189fe1df91b455c1da remedius <brocke@kth.se> 1458456008 +0100	update by push
< 8cfb0e72c00156dce11e6f189fe1df91b455c1da 9f58966e94ba1d2249be7d2d5b652dfb57577554 remedius <brocke@kth.se> 1458460572 +0100	update by push
< 9f58966e94ba1d2249be7d2d5b652dfb57577554 232cd1efbb9fde43cc1b0aeb57900314462c18ee remedius <brocke@kth.se> 1459421526 +0200	update by push
< 232cd1efbb9fde43cc1b0aeb57900314462c18ee e2da1be4b68ef9f65f89950a9f8239da5cc0a41b remedius <brocke@kth.se> 1459421769 +0200	update by push
< e2da1be4b68ef9f65f89950a9f8239da5cc0a41b 101079f0a59458fe17d4f9a415cd9c535a6b8e06 remedius <brocke@kth.se> 1459591856 +0200	update by push
< 101079f0a59458fe17d4f9a415cd9c535a6b8e06 b9f92fc496e5b758eef5e244ea3ab6622aa04534 remedius <brocke@kth.se> 1459765577 +0200	update by push
< b9f92fc496e5b758eef5e244ea3ab6622aa04534 3bc6e56c64a804333560024cf76d48c67c442027 remedius <brocke@kth.se> 1459848316 +0200	update by push
< 3bc6e56c64a804333560024cf76d48c67c442027 9ff3dc628d68baf8dcdefba44f3ec089109de8d8 remedius <brocke@kth.se> 1459857331 +0200	update by push
< 9ff3dc628d68baf8dcdefba44f3ec089109de8d8 45d276fcbab2f5c37f255bf10f8cb3ebce2b9fcd remedius <brocke@kth.se> 1459869312 +0200	update by push
< 45d276fcbab2f5c37f255bf10f8cb3ebce2b9fcd 52ca72d831cd908e4672673231b166dce2baa417 remedius <brocke@kth.se> 1459869530 +0200	update by push
< 52ca72d831cd908e4672673231b166dce2baa417 439bcab7e6196588cca6c7df44c856331b686bdf remedius <brocke@kth.se> 1459869680 +0200	update by push
< 439bcab7e6196588cca6c7df44c856331b686bdf bd080529f59e969c0fe0facf5878bbf83d888736 remedius <brocke@kth.se> 1460017930 +0200	update by push
< bd080529f59e969c0fe0facf5878bbf83d888736 301efc58f9b7aa587f4f26ec1d71cc3286de68d3 remedius <brocke@kth.se> 1460021567 +0200	update by push
< 301efc58f9b7aa587f4f26ec1d71cc3286de68d3 09711d3c2a6731b15adf44eda66e37a0ed6e6b94 remedius <brocke@kth.se> 1460055809 +0200	update by push
< 09711d3c2a6731b15adf44eda66e37a0ed6e6b94 d519e20384a2969a2afa0a48232925b7d420fefe remedius <brocke@kth.se> 1460057989 +0200	update by push
---
> 02fd0f3edaa5cdffba120af3607f85c49250aa76 d915011e95b2f59f5986ef8f10d1ae4e79a7b26d Ekaterina Brocke <remedius@kth.se> 1458382861 +0100	pull: fast-forward
> d915011e95b2f59f5986ef8f10d1ae4e79a7b26d 8cfb0e72c00156dce11e6f189fe1df91b455c1da Ekaterina Brocke <remedius@kth.se> 1458456017 +0100	pull: fast-forward
> 8cfb0e72c00156dce11e6f189fe1df91b455c1da 9f58966e94ba1d2249be7d2d5b652dfb57577554 Ekaterina Brocke <remedius@kth.se> 1458460589 +0100	pull: fast-forward
> 9f58966e94ba1d2249be7d2d5b652dfb57577554 e2da1be4b68ef9f65f89950a9f8239da5cc0a41b Ekaterina Brocke <remedius@kth.se> 1459421844 +0200	pull: fast-forward
> e2da1be4b68ef9f65f89950a9f8239da5cc0a41b 101079f0a59458fe17d4f9a415cd9c535a6b8e06 Ekaterina Brocke <remedius@kth.se> 1459591973 +0200	pull: fast-forward
> 101079f0a59458fe17d4f9a415cd9c535a6b8e06 b9f92fc496e5b758eef5e244ea3ab6622aa04534 Ekaterina Brocke <remedius@kth.se> 1459765621 +0200	pull: fast-forward
> b9f92fc496e5b758eef5e244ea3ab6622aa04534 3bc6e56c64a804333560024cf76d48c67c442027 Ekaterina Brocke <remedius@kth.se> 1459848385 +0200	pull: fast-forward
> 3bc6e56c64a804333560024cf76d48c67c442027 9ff3dc628d68baf8dcdefba44f3ec089109de8d8 Ekaterina Brocke <remedius@kth.se> 1459858055 +0200	pull: fast-forward
> 9ff3dc628d68baf8dcdefba44f3ec089109de8d8 45d276fcbab2f5c37f255bf10f8cb3ebce2b9fcd Ekaterina Brocke <remedius@kth.se> 1459869355 +0200	pull: fast-forward
> 45d276fcbab2f5c37f255bf10f8cb3ebce2b9fcd 52ca72d831cd908e4672673231b166dce2baa417 Ekaterina Brocke <remedius@kth.se> 1459869540 +0200	pull: fast-forward
> 52ca72d831cd908e4672673231b166dce2baa417 439bcab7e6196588cca6c7df44c856331b686bdf Ekaterina Brocke <remedius@kth.se> 1459869690 +0200	pull: fast-forward
> 439bcab7e6196588cca6c7df44c856331b686bdf bd080529f59e969c0fe0facf5878bbf83d888736 Ekaterina Brocke <remedius@kth.se> 1460017982 +0200	pull: fast-forward
> bd080529f59e969c0fe0facf5878bbf83d888736 301efc58f9b7aa587f4f26ec1d71cc3286de68d3 Ekaterina Brocke <remedius@kth.se> 1460021597 +0200	pull: fast-forward
> 301efc58f9b7aa587f4f26ec1d71cc3286de68d3 09711d3c2a6731b15adf44eda66e37a0ed6e6b94 Ekaterina Brocke <remedius@kth.se> 1460055889 +0200	pull: fast-forward
> 09711d3c2a6731b15adf44eda66e37a0ed6e6b94 d519e20384a2969a2afa0a48232925b7d420fefe Ekaterina Brocke <remedius@kth.se> 1460058007 +0200	pull: fast-forward
Only in ./.git/objects/04: f771bdcdca0511899bf4a5eaebde15ef8c027d
Only in ./.git/objects: 11
Only in ./.git/objects: 82
Only in ./.git/objects/a6: 139e04e79136473c16d15825001f255b87d2ff
Only in ./.git/objects: ab
Only in ../../work2016/solvers/.git: ORIG_HEAD
Only in ../../work2016/solvers/.git: packed-refs
Only in ../../work2016/solvers/.git/refs/remotes/origin: HEAD
diff -r ./gs_cell_first_iter.m ../../work2016/solvers/gs_cell_first_iter.m
74c74
<         SYSTEM.CELL = update_step([t_ t_], SYSTEM.CELL);
---
>         SYSTEM.CELL = update([t_ t_], SYSTEM.CELL);
diff -r ./gs_erk_first_iter.m ../../work2016/solvers/gs_erk_first_iter.m
72c72
<         SYSTEM.ERK = update_step([t_ t_],SYSTEM.ERK);
---
>         SYSTEM.ERK = update([t_ t_],SYSTEM.ERK);
Only in ../../work2016/solvers/: #gs_fast_first_iter.m#
diff -r ./gs_fast_first_iter.m ../../work2016/solvers/gs_fast_first_iter.m
9a10,13
> %SYSTEM.CELL.controller.fn = @ec_cell;
> %SYSTEM.ERK.controller.fn = @ec_erk;
> n_cell_first = 0;
> n_erk_first = 0;
27c31
< 
---
>     
30c34,37
<         
---
>         if(erkfirst)
> 	 n_cell_first = n_cell_first + 1;
> 	end
>     
33c40
<             SYSTEM.ERK = update_step([t_ t_], SYSTEM.ERK);
---
>             SYSTEM.ERK = update([t_ t_], SYSTEM.ERK);
48a56,58
>         if cellfirst
> 	    n_erk_first = n_erk_first + 1;
> 	end
51c61
<             SYSTEM.CELL = update_step([t_ t_], SYSTEM.CELL);
---
>             SYSTEM.CELL = update([t_ t_], SYSTEM.CELL);
76a87,88
> n_erk_first
> n_cell_first
diff -r ./gs_slow_first_iter.m ../../work2016/solvers/gs_slow_first_iter.m
5,11c5,12
<         eEst = circshift(eEst,[0 1]);
<         eEst(1) = R_SYSTEM.controller.eEst;
<         if(length(DT) > 3)
<             eEst_ = approximate([0 DT(end-1) DT(end-1)+DT(end-2)],eEst',-DT(end));
<         else 
<             eEst_ = eEst(1);
<         end
---
> %        eEst = circshift(eEst,[0 1]);
> %        eEst(1) = R_SYSTEM.controller.eEst;
>         eEst_ = R_SYSTEM.controller.eEst;
> %        if(length(DT) > 2)
> %            eEst_ = approximate([0 DT(end-1) DT(end-1)+DT(end-2)],eEst',-DT(end));
> %        else 
> %            eEst_ = eEst(1);
> %        end
14,16c15,17
<         if STEP_REJECTED
<             eEst = circshift(eEst,[0 -1]);
<         end
---
> %        if STEP_REJECTED
> %            eEst = circshift(eEst,[0 -1]);
> %        end
22a24,25
> %SYSTEM.CELL.controller.fn = @ec_cell;
> %SYSTEM.ERK.controller.fn = @ec_erk;
23a27
> 
43a48
>         %erkTilde = approximate(t_erk, y_erk, -H_);
51a57
>         %cellTilde = approximate(t_cell, y_cell, -H_ );
diff -r ./jac_iter.m ../../work2016/solvers/jac_iter.m
5c5
<         H = 0; % will be setup later on, see below
---
>         H = 0; % setup manually for cell component later on
29c29
<     % error is evaluated in the erk component (see ec_erk above)
---
>     % ERK component defines macro time step H_=h_
31c31
<     % current time
---
>     % ERK component defines current time
33c33,34
<     % set h in the cell component
---
>     % ERK controller calculates optimal time step,
>     % thus we have to set h manually
39a41,42
>     %erkTilde = approximate(t_erk, y_erk, -H_);
>     %{[-H_ t_erk], [erkTilde; y_erk]},
45a49,50
>     %cellTilde = approximate(t_cell, y_cell, -H_ );
>     %{[-H_ t_cell], [cellTilde; y_cell]},...
55c60
<         SYSTEM.CELL = update_step([t_ t_], SYSTEM.CELL);
---
>         SYSTEM.CELL = update([t_ t_],SYSTEM.CELL);
Only in ../../work2016/solvers/methods: BDF2_AS.m
diff -r ./methods/BDF2_DEF.m~ ../../work2016/solvers/methods/BDF2_DEF.m~
2c2
<     Y, DT, ODE_FUN, ODE_PARAMS, relTol, PERSISTENT)
---
>     Y, DT, ODE_FUN, ODE_PARAMS, relTol, PERSISTENT, STEP_REJECTED)
5d4
< STEP_REJECTED = PERSISTENT.step_rejected;
28,32c27
< params = cell(1,2);
< l = length(ODE_PARAMS);
< for i=1:l
< params{i} = ODE_PARAMS(i);
< end
---
> params = num2cell(ODE_PARAMS);
Only in ../../work2016/solvers/methods: ModHines.m
Only in ../../work2016/solvers/: ode_solver_fixed.m
diff -r ./sim_combine2j2.m ../../work2016/solvers/sim_combine2j2.m
5,6c5
< addpath(genpath('~/work2017/solvers/'));
< addpath(genpath('~/work2017/model_v2'));
---
> addpath(genpath('methods')); %,genpath('kkit'), genpath('common'));
11c10
< MODE=3; % Can be 1,2,3
---
> MODE=1;
20c19
< multirate = true;
---
> multirate = false;
22c21,22
< solvErkNM   = @BDF2_DEF;%@RK4; 
---
> solvErkNM   = @BDF2_DEF;%@BDF2_DEF;%@BDF2_AS;%@RK4; 
> %isolvErk = @solve_adaptive_step;
24c24,25
< solvCellNM   = @BDF2_DEF;%@CrankNicStagg; 
---
> solvCellNM   = @BDF2_DEF;%@BDF2_DEF;%@BDF2_DEF;%@BDF2_AS;%@CrankNicStagg; 
> %isolvCell = @solve_adaptive_step;
26,28c27,31
< odeslv = @adaptive_solver; %ode_solver_fixed
< % Relative tolerance for adaptive or the number of steps for fixed
< slv_param = 1e-5; %2e5; 
---
> odeslv = @solver_adaptive;
> %odeslv = @ode_solver_fixed;%@ode_solver_h211b; %ode_solver_fixed
> slv_param = 1e-4;   % Relative tolerance for adaptive [ @ode_solver_h211b (1e-3)]
>                     % or number of steps for fixed [ @ode_solver_fixed (1e5)]
> %slv_param = 2e5; 
39c42,44
< erk_init_vals = init_erk_variables(false);
---
> %ca_pump=false when simulated model_v.3
> ca_pump = true;
> erk_init_vals = init_erk_variables(ca_pump, 0);
43c48
< [~, erk_exch] = solve_erk_handle();
---
> [~, erk_exch]= solve_erk_handle();
56c61
< %%%% Saving the results
---
> %%%% Saving the data
59c64
< 
---
> %%%% Define strings for saved filename
73c78
< % save biochemical values CA, PMAPK, KA
---
> % save biochemical values
81a87,88
> %
> %save(filename);
90,93c97,100
< %function [caflux] = get_exch_dummy(t) % in SI
< %global EVARS
< %    caflux = interp1(EVARS.TTILDE,EVARS.CAFLUXTILDE,t);
< %end
\ No newline at end of file
---
> function [caflux] = get_exch_dummy(t) % in SI
> global EVARS
>     caflux = interp1(EVARS.TTILDE,EVARS.CAFLUXTILDE,t);
> end
\ No newline at end of file
diff -r ./solve_adaptive_step.m ../../work2016/solvers/solve_adaptive_step.m
15c15
< SYS_PERS = update_step(t, SYS_PERS);
---
> SYS_PERS = update(t, SYS_PERS);
26a27,29
> % optimal time step has been calculated by
> % the local controller during the last micro time step
> %dt_(end) = SYS_PERS.controller.h;
42c45
<     %% use for synch comm, comment for asynch
---
>     %% use for synch comm, comment for usynch
44,46c47,49
< %     if (t_ + h_ > tEnd)
< %         dt_(end) = tEnd-t_;
< %     end
---
> %    if (t_ + h_ > tEnd)
> %        dt_(end) = tEnd-t_;
> %    end
50c53,56
<     
---
> 
>     %%%
> %    S_PERS_.New_Jac = true;
>     %%%
62c68
<  
---
>     
70a77,80
> %        t_vars = circshift(t_vars, [0 1]);
> %	y_vars = circshift(y_vars,[1 0]);
> %	t_vars(1) = tTilde;
> %	y_vars(1,:) = varsTilde;
90,98c100,111
< %% use for asynch comm, comment for synch
< if (t_ > tEnd)
<     delta_ = C_PERS_.t(end)-tEnd;
<     ts = [0 dt_(end-1) dt_(end-1)+dt_(end-2)];
<     ys = fliplr(y_(:,end-2:end));
<     SOL = approximate(ts,ys',delta_);
<     SOL = SOL';
< end
< %% end
---
> %use for usynchronized comm, comment for synch
>  if (t_ > tEnd)
>      delta_ = C_PERS_.t(end)-tEnd;
>      ts = [0 dt_(end-1) dt_(end-1)+dt_(end-2)];
>      ys = fliplr(y_(:,end-2:end));
>      SOL = approximate(ts,ys',delta_);
>      SOL = SOL';
>      %varsTilde = approximate(t_vars, y_vars,  -(t(2)-t(1)));
>  end
> %
> % save the last calculated values for GS organization
> %SYS_PERS.sys.varsTilde = varsTilde;
diff -r ./solve_one_step.m ../../work2016/solvers/solve_one_step.m
17c17
< SYS_PERS = update_step(t, SYS_PERS);
---
> SYS_PERS = update(t, SYS_PERS);
40a41,43
>     %%%
>    % S_PERS_.New_Jac = true;
>     %%%
Only in ../../work2016/solvers/: solver_adaptive.m
Only in ../../work2016/solvers/: update.m
Only in .: update_step.m
Only in .: update_step.m~
Only in ../../work2016/solvers/: yTypicalSolution_cai.txt
Only in ../../work2016/solvers/: yTypicalSolution_cell.txt
Only in ../../work2016/solvers/: yTypicalSolution_erk.txt
Only in ../../work2016/solvers/: yTypicalSolution_full.txt
Only in ../../work2016/solvers/: yTypicalSolution.txt
